type octile
height 23
width 50
map
@@@@@@@@@@@@@@@@@@@@@@@@@@@@@@@@@@@@@@@@@@@@@@@@@@
@................................................@
@................................................@
@................................................@
@................................................@
@................................................@
@................................................@
@................................................@
@................................................@
@................................................@
@........TTTTTTTTTTTTTTTTTTTTTT..................@
@........T....T..................................@
@........TTTT.TTTTTTTTTTTTTTTTT..................@
@...........T.T....T.T........T..................@
@.TTTTTTTTTTT.T....T.T........T..................@
@.............T....T.T........T..................@
@TTTTTTTT.TTTTT....T.T........T..................@
@.......T.T........T.T........T..................@
@.......T.T........T.T........T..................@
@.......T.T........T.T........T..................@
@TTTTTTTT.TTTTTTTTTT.TTTTTTTTTT..................@
@.............................T..................@
@@@@@@@@@@@@@@@@@@@@@@@@@@@@@@@@@@@@@@@@@@@@@@@@@@
